11:58:34 **** Build of configuration Debug for project PruebaClase6 ****
make -j8 all 
arm-none-eabi-gcc -mcpu=cortex-m4 -g3 -DDEBUG -c -x assembler-with-cpp -MMD -MP -MF"Startup/startup_stm32f411retx.d" -MT"Startup/startup_stm32f411retx.o" --specs=nano.specs -mfpu=fpv4-sp-d16 -mfloat-abi=hard -mthumb -o "Startup/startup_stm32f411retx.o" "../Startup/startup_stm32f411retx.s"
arm-none-eabi-gcc "../Src/main.c" -mcpu=cortex-m4 -std=gnu11 -g3 -DDEBUG -DNUCLEO_F411RE -DSTM32 -DSTM32F4 -DSTM32F411RETx -c -I../Inc -O0 -ffunction-sections -fdata-sections -Wall -fstack-usage -MMD -MP -MF"Src/main.d" -MT"Src/main.o" --specs=nano.specs -mfpu=fpv4-sp-d16 -mfloat-abi=hard -mthumb -o "Src/main.o"
arm-none-eabi-gcc "../Src/syscalls.c" -mcpu=cortex-m4 -std=gnu11 -g3 -DDEBUG -DNUCLEO_F411RE -DSTM32 -DSTM32F4 -DSTM32F411RETx -c -I../Inc -O0 -ffunction-sections -fdata-sections -Wall -fstack-usage -MMD -MP -MF"Src/syscalls.d" -MT"Src/syscalls.o" --specs=nano.specs -mfpu=fpv4-sp-d16 -mfloat-abi=hard -mthumb -o "Src/syscalls.o"
arm-none-eabi-gcc "../Src/sysmem.c" -mcpu=cortex-m4 -std=gnu11 -g3 -DDEBUG -DNUCLEO_F411RE -DSTM32 -DSTM32F4 -DSTM32F411RETx -c -I../Inc -O0 -ffunction-sections -fdata-sections -Wall -fstack-usage -MMD -MP -MF"Src/sysmem.d" -MT"Src/sysmem.o" --specs=nano.specs -mfpu=fpv4-sp-d16 -mfloat-abi=hard -mthumb -o "Src/sysmem.o"
../Src/main.c:22:4: warning: #warning "FPU is not initialized, but the project is compiling for an FPU. Please initialize the FPU before use." [-Wcpp]
   22 |   #warning "FPU is not initialized, but the project is compiling for an FPU. Please initialize the FPU before use."
      |    ^~~~~~~
arm-none-eabi-gcc -o "PruebaClase6.elf" @"objects.list"   -mcpu=cortex-m4 -T"/home/daniel/Documents/GitHub/TallerV/PruebaClase6/STM32F411RETX_FLASH.ld" --specs=nosys.specs -Wl,-Map="PruebaClase6.map" -Wl,--gc-sections -static --specs=nano.specs -mfpu=fpv4-sp-d16 -mfloat-abi=hard -mthumb -Wl,--start-group -lc -lm -Wl,--end-group
Finished building target: PruebaClase6.elf
 
arm-none-eabi-size   PruebaClase6.elf 
arm-none-eabi-objdump -h -S  PruebaClase6.elf  > "PruebaClase6.list"
   text	   data	    bss	    dec	    hex	filename
    660	      8	   1568	   2236	    8bc	PruebaClase6.elf
Finished building: default.size.stdout
 
Finished building: PruebaClase6.list
 
11:58:52 **** Incremental Build of configuration Debug for project PruebaClase6 ****
make -j8 all 
arm-none-eabi-gcc "../Src/main.c" -mcpu=cortex-m4 -std=gnu11 -g3 -DDEBUG -DNUCLEO_F411RE -DSTM32 -DSTM32F4 -DSTM32F411RETx -c -I../Inc -O0 -ffunction-sections -fdata-sections -Wall -fstack-usage -MMD -MP -MF"Src/main.d" -MT"Src/main.o" --specs=nano.specs -mfpu=fpv4-sp-d16 -mfloat-abi=hard -mthumb -o "Src/main.o"
arm-none-eabi-gcc -o "PruebaClase6.elf" @"objects.list"   -mcpu=cortex-m4 -T"/home/daniel/Documents/GitHub/TallerV/PruebaClase6/STM32F411RETX_FLASH.ld" --specs=nosys.specs -Wl,-Map="PruebaClase6.map" -Wl,--gc-sections -static --specs=nano.specs -mfpu=fpv4-sp-d16 -mfloat-abi=hard -mthumb -Wl,--start-group -lc -lm -Wl,--end-group
Finished building target: PruebaClase6.elf
 
arm-none-eabi-size   PruebaClase6.elf 
arm-none-eabi-objdump -h -S  PruebaClase6.elf  > "PruebaClase6.list"
   text	   data	    bss	    dec	    hex	filename
    688	      8	   1576	   2272	    8e0	PruebaClase6.elf
Finished building: default.size.stdout
 
Finished building: PruebaClase6.list
 
12:00:47 **** Incremental Build of configuration Debug for project PruebaClase6 ****
make -j8 all 
arm-none-eabi-size   PruebaClase6.elf 
   text	   data	    bss	    dec	    hex	filename
    688	      8	   1576	   2272	    8e0	PruebaClase6.elf
Finished building: default.size.stdout
 
